SQL> 
SQL> 
SQL> DROP TABLE damage CASCADE CONSTRAINTS;

Table DAMAGE dropped.

SQL> 
SQL> DROP TABLE owner CASCADE CONSTRAINTS;

Table OWNER dropped.

SQL> 
SQL> DROP TABLE payment CASCADE CONSTRAINTS;

Table PAYMENT dropped.

SQL> 
SQL> DROP TABLE property CASCADE CONSTRAINTS;

Table PROPERTY dropped.

SQL> 
SQL> DROP TABLE rent CASCADE CONSTRAINTS;

Table RENT dropped.

SQL> 
SQL> DROP TABLE tenant CASCADE CONSTRAINTS;

Table TENANT dropped.

SQL> 
SQL> CREATE TABLE damage (
  2      dam_no                 NUMBER(7) NOT NULL,
  3      dam_date               DATE NOT NULL,
  4      dam_time               DATE NOT NULL,
  5      dam_type               VARCHAR2(50) NOT NULL,
  6      dam_cost               NUMBER(7) NOT NULL,
  7      prop_no                NUMBER(7) NOT NULL,
  8      rent_lease_startdate   DATE NOT NULL,
  9      pay_no                 NUMBER(7)
 10  );

Table DAMAGE created.

SQL> 
SQL> COMMENT ON COLUMN damage.dam_no IS
  2      'Damage identification number .... surrogate key';

Comment created.

SQL> 
SQL> COMMENT ON COLUMN damage.dam_date IS
  2      'damage date';

Comment created.

SQL> 
SQL> COMMENT ON COLUMN damage.dam_time IS
  2      'damage time';

Comment created.

SQL> 
SQL> COMMENT ON COLUMN damage.dam_type IS
  2      'damaage type';

Comment created.

SQL> 
SQL> COMMENT ON COLUMN damage.dam_cost IS
  2      'damage cost';

Comment created.

SQL> 
SQL> COMMENT ON COLUMN damage.prop_no IS
  2      'property number';

Comment created.

SQL> 
SQL> COMMENT ON COLUMN damage.rent_lease_startdate IS
  2      'start date of the lease';

Comment created.

SQL> 
SQL> COMMENT ON COLUMN damage.pay_no IS
  2      'payment number';

Comment created.

SQL> 
SQL> CREATE UNIQUE INDEX damage__idx ON
  2      damage (
  3          pay_no
  4      ASC );

INDEX DAMAGE__IDX created.

SQL> 
SQL> ALTER TABLE damage
  2      ADD CONSTRAINT damage_pk PRIMARY KEY ( dam_date,
  3                                             dam_time,
  4                                             prop_no,
  5                                             rent_lease_startdate );

Table DAMAGE altered.

SQL> 
SQL> CREATE TABLE owner (
  2      owner_no        NUMBER(7) NOT NULL,
  3      owner_title     VARCHAR2(50) NOT NULL,
  4      owner_givname   VARCHAR2(50) NOT NULL,
  5      owner_famname   VARCHAR2(50) NOT NULL,
  6      owner_address   VARCHAR2(255) NOT NULL
  7  );

Table OWNER created.

SQL> 
SQL> COMMENT ON COLUMN owner.owner_no IS
  2      'owner no';

Comment created.

SQL> 
SQL> COMMENT ON COLUMN owner.owner_title IS
  2      'Owner title';

Comment created.

SQL> 
SQL> COMMENT ON COLUMN owner.owner_givname IS
  2      'owner given name .....first name ';

Comment created.

SQL> 
SQL> COMMENT ON COLUMN owner.owner_famname IS
  2      'owner family name .....last name';

Comment created.

SQL> 
SQL> COMMENT ON COLUMN owner.owner_address IS
  2      'Owner address ';

Comment created.

SQL> 
SQL> ALTER TABLE owner ADD CONSTRAINT owner_pk PRIMARY KEY ( owner_no );

Table OWNER altered.

SQL> 
SQL> CREATE TABLE payment (
  2      pay_no                  NUMBER(7) NOT NULL,
  3      pay_date                DATE NOT NULL,
  4      pay_type                VARCHAR2(50) NOT NULL,
  5      pay_amount              NUMBER(7) NOT NULL,
  6      pay_paidby              VARCHAR2(50) NOT NULL,
  7      rent_lease_startdate    DATE NOT NULL,
  8      prop_no                 NUMBER(7) NOT NULL,
  9      dam_no                  NUMBER(7),
 10      dam_date                DATE,
 11      dam_time                DATE,
 12      prop_no1                NUMBER,
 13      rent_lease_startdate1   DATE
 14  );

Table PAYMENT created.

SQL> 
SQL> COMMENT ON COLUMN payment.pay_no IS
  2      'payment number';

Comment created.

SQL> 
SQL> COMMENT ON COLUMN payment.pay_date IS
  2      'payment date';

Comment created.

SQL> 
SQL> COMMENT ON COLUMN payment.pay_type IS
  2      'pay type';

Comment created.

SQL> 
SQL> COMMENT ON COLUMN payment.pay_amount IS
  2      'pay amount';

Comment created.

SQL> 
SQL> COMMENT ON COLUMN payment.pay_paidby IS
  2      'pay paidby';

Comment created.

SQL> 
SQL> COMMENT ON COLUMN payment.rent_lease_startdate IS
  2      'start date of the lease';

Comment created.

SQL> 
SQL> COMMENT ON COLUMN payment.prop_no IS
  2      'property number';

Comment created.

SQL> 
SQL> COMMENT ON COLUMN payment.dam_no IS
  2      'Damage identification number .... surrogate key';

Comment created.

SQL> 
SQL> COMMENT ON COLUMN payment.dam_date IS
  2      'damage date';

Comment created.

SQL> 
SQL> COMMENT ON COLUMN payment.dam_time IS
  2      'damage time';

Comment created.

SQL> 
SQL> COMMENT ON COLUMN payment.prop_no1 IS
  2      'property number';

Comment created.

SQL> 
SQL> CREATE UNIQUE INDEX payment__idx ON
  2      payment (
  3          dam_no
  4      ASC );

INDEX PAYMENT__IDX created.

SQL> 
SQL> CREATE UNIQUE INDEX payment__idx ON
  2      payment (
  3          dam_date
  4      ASC,
  5          dam_time
  6      ASC,
  7          prop_no1
  8      ASC,
  9          rent_lease_startdate1
 10      ASC );

Error starting at line : 149 in command -
CREATE UNIQUE INDEX payment__idx ON
    payment (
        dam_date
    ASC,
        dam_time
    ASC,
        prop_no1
    ASC,
        rent_lease_startdate1
    ASC )
Error report -
ORA-00955: name is already used by an existing object
00955. 00000 -  "name is already used by an existing object"
*Cause:    
*Action:
SQL> 
SQL> ALTER TABLE payment ADD CONSTRAINT payment_pk PRIMARY KEY ( pay_no );

Table PAYMENT altered.

SQL> 
SQL> CREATE TABLE property (
  2      prop_no        NUMBER(7) NOT NULL,
  3      prop_address   VARCHAR2(255 CHAR) NOT NULL,
  4      prop_value     NUMBER(7) NOT NULL,
  5      owner_no       NUMBER(7) NOT NULL
  6  );

Table PROPERTY created.

SQL> 
SQL> COMMENT ON COLUMN property.prop_no IS
  2      'property number';

Comment created.

SQL> 
SQL> COMMENT ON COLUMN property.prop_address IS
  2      'property address';

Comment created.

SQL> 
SQL> COMMENT ON COLUMN property.prop_value IS
  2      'property value';

Comment created.

SQL> 
SQL> COMMENT ON COLUMN property.owner_no IS
  2      'owner no';

Comment created.

SQL> 
SQL> ALTER TABLE property ADD CONSTRAINT property_pk PRIMARY KEY ( prop_no );

Table PROPERTY altered.

SQL> 
SQL> CREATE TABLE rent (
  2      prop_no                NUMBER(7) NOT NULL,
  3      rent_lease_startdate   DATE NOT NULL,
  4      rent_lease_period      DATE NOT NULL,
  5      rent_bond              NUMBER(7) NOT NULL,
  6      rent_weekly_rate       NUMBER(7) NOT NULL,
  7      tenant_no              NUMBER(7) NOT NULL
  8  );

Table RENT created.

SQL> 
SQL> COMMENT ON COLUMN rent.prop_no IS
  2      'property number';

Comment created.

SQL> 
SQL> COMMENT ON COLUMN rent.rent_lease_startdate IS
  2      'start date of the lease';

Comment created.

SQL> 
SQL> COMMENT ON COLUMN rent.rent_lease_period IS
  2      'duration of the lease';

Comment created.

SQL> 
SQL> COMMENT ON COLUMN rent.rent_bond IS
  2      'Bond paid when moving into the property ';

Comment created.

SQL> 
SQL> COMMENT ON COLUMN rent.rent_weekly_rate IS
  2      'weekly rent';

Comment created.

SQL> 
SQL> COMMENT ON COLUMN rent.tenant_no IS
  2      'Tenant identification number';

Comment created.

SQL> 
SQL> ALTER TABLE rent ADD CONSTRAINT rent_pk PRIMARY KEY ( rent_lease_startdate,
  2                                                        prop_no );

Table RENT altered.

SQL> 
SQL> CREATE TABLE tenant (
  2      tenant_no         NUMBER(7) NOT NULL,
  3      tenant_fname      VARCHAR2(50) NOT NULL,
  4      tenant_gname      VARCHAR2(50) NOT NULL,
  5      tenant_address    VARCHAR2(50) NOT NULL,
  6      tenant_street     VARCHAR2(50) NOT NULL,
  7      tenant_city       VARCHAR2(15) NOT NULL,
  8      tenant_state      VARCHAR2(15) NOT NULL,
  9      tenant_postcode   CHAR(4) NOT NULL,
 10      tenant_phone      VARCHAR2(12) NOT NULL
 11  );

Table TENANT created.

SQL> 
SQL> ALTER TABLE tenant ADD CONSTRAINT chk_phone_no CHECK ( tenant_phone <= 10 );

Table TENANT altered.

SQL> 
SQL> COMMENT ON COLUMN tenant.tenant_no IS
  2      'Tenant identification number';

Comment created.

SQL> 
SQL> COMMENT ON COLUMN tenant.tenant_fname IS
  2      'Tenant first name';

Comment created.

SQL> 
SQL> COMMENT ON COLUMN tenant.tenant_gname IS
  2      'Tenant given name';

Comment created.

SQL> 
SQL> COMMENT ON COLUMN tenant.tenant_address IS
  2      'Tenant address';

Comment created.

SQL> 
SQL> COMMENT ON COLUMN tenant.tenant_street IS
  2      'Tenant street';

Comment created.

SQL> 
SQL> COMMENT ON COLUMN tenant.tenant_city IS
  2      'Tenant city';

Comment created.

SQL> 
SQL> COMMENT ON COLUMN tenant.tenant_state IS
  2      'Tenant state';

Comment created.

SQL> 
SQL> COMMENT ON COLUMN tenant.tenant_postcode IS
  2      'Tenant postcode';

Comment created.

SQL> 
SQL> COMMENT ON COLUMN tenant.tenant_phone IS
  2      'Tenant Phone number';

Comment created.

SQL> 
SQL> ALTER TABLE tenant ADD CONSTRAINT tenant_pk PRIMARY KEY ( tenant_no );

Table TENANT altered.

SQL> 
SQL> ALTER TABLE damage
  2      ADD CONSTRAINT damage_rent_relationship FOREIGN KEY ( rent_lease_startdate,
  3                                                            prop_no )
  4          REFERENCES rent ( rent_lease_startdate,
  5                            prop_no );

Table DAMAGE altered.

SQL> 
SQL> ALTER TABLE property
  2      ADD CONSTRAINT owner_property_relationship FOREIGN KEY ( owner_no )
  3          REFERENCES owner ( owner_no );

Table PROPERTY altered.

SQL> 
SQL> ALTER TABLE rent
  2      ADD CONSTRAINT property_rent_relationship FOREIGN KEY ( prop_no )
  3          REFERENCES property ( prop_no );

Table RENT altered.

SQL> 
SQL> ALTER TABLE payment
  2      ADD CONSTRAINT rent_payment_relationship FOREIGN KEY ( rent_lease_startdate,
  3                                                             prop_no )
  4          REFERENCES rent ( rent_lease_startdate,
  5                            prop_no );

Table PAYMENT altered.

SQL> 
SQL> ALTER TABLE rent
  2      ADD CONSTRAINT rent_tenant_relationship FOREIGN KEY ( tenant_no )
  3          REFERENCES tenant ( tenant_no );

Table RENT altered.

SQL> 
SQL> 
SQL> 
SQL> -- Oracle SQL Developer Data Modeler Summary Report: 
SQL> -- 
SQL> -- CREATE TABLE                             6
SQL> -- CREATE INDEX                             3
SQL> -- ALTER TABLE                             12
SQL> -- CREATE VIEW                              0
SQL> -- ALTER VIEW                               0
SQL> -- CREATE PACKAGE                           0
SQL> -- CREATE PACKAGE BODY                      0
SQL> -- CREATE PROCEDURE                         0
SQL> -- CREATE FUNCTION                          0
SQL> -- CREATE TRIGGER                           0
SQL> -- ALTER TRIGGER                            0
SQL> -- CREATE COLLECTION TYPE                   0
SQL> -- CREATE STRUCTURED TYPE                   0
SQL> -- CREATE STRUCTURED TYPE BODY              0
SQL> -- CREATE CLUSTER                           0
SQL> -- CREATE CONTEXT                           0
SQL> -- CREATE DATABASE                          0
SQL> -- CREATE DIMENSION                         0
SQL> -- CREATE DIRECTORY                         0
SQL> -- CREATE DISK GROUP                        0
SQL> -- CREATE ROLE                              0
SQL> -- CREATE ROLLBACK SEGMENT                  0
SQL> -- CREATE SEQUENCE                          0
SQL> -- CREATE MATERIALIZED VIEW                 0
SQL> -- CREATE MATERIALIZED VIEW LOG             0
SQL> -- CREATE SYNONYM                           0
SQL> -- CREATE TABLESPACE                        0
SQL> -- CREATE USER                              0
SQL> -- 
SQL> -- DROP TABLESPACE                          0
SQL> -- DROP DATABASE                            0
SQL> -- 
SQL> -- REDACTION POLICY                         0
SQL> -- TSDP POLICY                              0
SQL> -- 
SQL> -- ORDS DROP SCHEMA                         0
SQL> -- ORDS ENABLE SCHEMA                       0
SQL> -- ORDS ENABLE OBJECT                       0
SQL> -- 
SQL> -- ERRORS                                   0
SQL> -- WARNINGS                                 0
SQL> 
SQL> --Student Name: CHUKWUDI ANYANWU
SQL> --Student Number:  30647126
SQL> 
SQL> SET ECHO ON
SQL> SPOOL prop_rental_schema_output.txt
