SQL> 
SQL> -- Generated by Oracle SQL Developer Data Modeler 19.2.0.182.1216
SQL> --   at:        2020-05-17 02:33:32 AEST
SQL> --   site:      Oracle Database 12c
SQL> --   type:      Oracle Database 12c
SQL> 
SQL> 
SQL> 
SQL> DROP TABLE artist CASCADE CONSTRAINTS;

Table ARTIST dropped.

SQL> 
SQL> DROP TABLE artwork CASCADE CONSTRAINTS;

Table ARTWORK dropped.

SQL> 
SQL> DROP TABLE artwork_status CASCADE CONSTRAINTS;

Table ARTWORK_STATUS dropped.

SQL> 
SQL> DROP TABLE customer CASCADE CONSTRAINTS;

Table CUSTOMER dropped.

SQL> 
SQL> DROP TABLE exhibit CASCADE CONSTRAINTS;

Table EXHIBIT dropped.

SQL> 
SQL> DROP TABLE gallery CASCADE CONSTRAINTS;

Table GALLERY dropped.

SQL> 
SQL> DROP TABLE sale CASCADE CONSTRAINTS;

Table SALE dropped.

SQL> 
SQL> DROP TABLE style CASCADE CONSTRAINTS;

Table STYLE dropped.

SQL> 
SQL> CREATE TABLE artist (
  2      artist_code             NUMBER(7) NOT NULL,
  3      artist_fname            VARCHAR2(25) NOT NULL,
  4      artist_lname            VARCHAR2(25) NOT NULL,
  5      artist_street           VARCHAR2(40) NOT NULL,
  6      artist_town             VARCHAR2(20) NOT NULL,
  7      artist_state            VARCHAR2(3) NOT NULL,
  8      artist_phone            VARCHAR2(10),
  9      artist_post_code        CHAR(4) NOT NULL,
 10      artist_stock_quantity   NUMBER(4) NOT NULL
 11  );

Table ARTIST created.

SQL> 
SQL> COMMENT ON COLUMN artist.artist_code IS
  2      'Artist identification number';

Comment created.

SQL> 
SQL> COMMENT ON COLUMN artist.artist_fname IS
  2      'Artist first name';

Comment created.

SQL> 
SQL> COMMENT ON COLUMN artist.artist_lname IS
  2      'Artist Last name';

Comment created.

SQL> 
SQL> COMMENT ON COLUMN artist.artist_street IS
  2      'Artist street ';

Comment created.

SQL> 
SQL> COMMENT ON COLUMN artist.artist_town IS
  2      'Artist Town';

Comment created.

SQL> 
SQL> COMMENT ON COLUMN artist.artist_state IS
  2      'Artist State......All artist are from australia';

Comment created.

SQL> 
SQL> COMMENT ON COLUMN artist.artist_phone IS
  2      'Artist mobile number
  3  Not all Artist register with their phone numbers ';

Comment created.

SQL> 
SQL> COMMENT ON COLUMN artist.artist_post_code IS
  2      'Artist post code.
  3  This must be 4 digits only.';

Comment created.

SQL> 
SQL> COMMENT ON COLUMN artist.artist_stock_quantity IS
  2      'Artist artwork stock quantity ';

Comment created.

SQL> 
SQL> ALTER TABLE artist ADD CONSTRAINT artist_pk PRIMARY KEY ( artist_code );

Table ARTIST altered.

SQL> 
SQL> CREATE TABLE artwork (
  2      artwork_id                       NUMBER(7) NOT NULL,
  3      artwork_no                       NUMBER(4) NOT NULL,
  4      artist_code                      NUMBER(7) NOT NULL,
  5      artwork_title                    VARCHAR2(50) NOT NULL,
  6      artwork_date_added_tostock       DATE NOT NULL,
  7      artwork_artist_min_price         NUMBER(7) NOT NULL,
  8      artwork_media_description_link   VARCHAR2(250) NOT NULL,
  9      child_style                      VARCHAR2(25) NOT NULL
 10  );

Table ARTWORK created.

SQL> 
SQL> COMMENT ON COLUMN artwork.artwork_id IS
  2      'Surrogate key that uniquely identify artwork.';

Comment created.

SQL> 
SQL> COMMENT ON COLUMN artwork.artwork_no IS
  2      'Artist Artwork Number';

Comment created.

SQL> 
SQL> COMMENT ON COLUMN artwork.artist_code IS
  2      'Artist identification number';

Comment created.

SQL> 
SQL> COMMENT ON COLUMN artwork.artwork_title IS
  2      'artwork title ';

Comment created.

SQL> 
SQL> COMMENT ON COLUMN artwork.artwork_date_added_tostock IS
  2      'Date Artwork was added to stock';

Comment created.

SQL> 
SQL> COMMENT ON COLUMN artwork.artwork_artist_min_price IS
  2      'Artist prefered minimium price';

Comment created.

SQL> 
SQL> COMMENT ON COLUMN artwork.artwork_media_description_link IS
  2      'Artwork Media Description Link ';

Comment created.

SQL> 
SQL> COMMENT ON COLUMN artwork.child_style IS
  2      'child style ... child style can also be the parent style';

Comment created.

SQL> 
SQL> CREATE UNIQUE INDEX artwork__idx ON
  2      artwork (
  3          child_style
  4      ASC );

INDEX ARTWORK__IDX created.

SQL> 
SQL> ALTER TABLE artwork ADD CONSTRAINT artwork_pk PRIMARY KEY ( artwork_id );

Table ARTWORK altered.

SQL> 
SQL> ALTER TABLE artwork
  2      ADD CONSTRAINT nk_artwork UNIQUE ( artwork_no,
  3                                         artist_code,
  4                                         artwork_media_description_link );

Table ARTWORK altered.

SQL> 
SQL> CREATE TABLE artwork_status (
  2      artwork_status_date   DATE NOT NULL,
  3      artwork_no            NUMBER(7) NOT NULL,
  4      artist_code           NUMBER(7) NOT NULL,
  5      artwork_status        VARCHAR2(30) NOT NULL,
  6      artwork_id            NUMBER NOT NULL,
  7      gallery_id            NUMBER(4),
  8      artwork_id1           NUMBER(7) NOT NULL
  9  );

Table ARTWORK_STATUS created.

SQL> 
SQL> ALTER TABLE artwork_status
  2      ADD CONSTRAINT chk_artwork_status CHECK ( artwork_status IN (
  3          'On display by a gallery',
  4          'Returned to Artist',
  5          'Sold',
  6          'in MAU storage at the MAU central warehouse',
  7          'in transit (being shipped to/from a gallery)'
  8      ) );

Table ARTWORK_STATUS altered.

SQL> 
SQL> COMMENT ON COLUMN artwork_status.artwork_status_date IS
  2      'Artwork Status Date ';

Comment created.

SQL> 
SQL> COMMENT ON COLUMN artwork_status.artwork_no IS
  2      'Artist Artwork Number';

Comment created.

SQL> 
SQL> COMMENT ON COLUMN artwork_status.artist_code IS
  2      'Artist identification number';

Comment created.

SQL> 
SQL> COMMENT ON COLUMN artwork_status.artwork_status IS
  2      'Status of the artwork 
  3  
  4  Artwork status must be one of the following: 
  5  ? in MAU storage at the MAU central warehouse
  6  ? in transit (being shipped to/from a gallery)
  7  ? on display by a gallery
  8  ? sold
  9  ? returned to the artist'
 10  ;

Comment created.

SQL> 
SQL> COMMENT ON COLUMN artwork_status.artwork_id IS
  2      'Surrogate key that uniquely identify artwork.';

Comment created.

SQL> 
SQL> COMMENT ON COLUMN artwork_status.gallery_id IS
  2      'Gallery Identification Number';

Comment created.

SQL> 
SQL> COMMENT ON COLUMN artwork_status.artwork_id1 IS
  2      'Surrogate key that uniquely identify artwork.';

Comment created.

SQL> 
SQL> ALTER TABLE artwork_status ADD CONSTRAINT artwork_status_pk PRIMARY KEY ( artwork_status_date,
  2                                                                            artwork_id1 );

Table ARTWORK_STATUS altered.

SQL> 
SQL> CREATE TABLE customer (
  2      customer_id              NUMBER(7) NOT NULL,
  3      customer_fname           VARCHAR2(25) NOT NULL,
  4      customer_lname           VARCHAR2(25) NOT NULL,
  5      customer_street          VARCHAR2(40) NOT NULL,
  6      customer_town            VARCHAR2(20) NOT NULL,
  7      customer_state           VARCHAR2(3) NOT NULL,
  8      customer_postcode        CHAR(4) NOT NULL,
  9      customer_business_name   VARCHAR2(25)
 10  );

Table CUSTOMER created.

SQL> 
SQL> COMMENT ON COLUMN customer.customer_id IS
  2      'Customer Identification';

Comment created.

SQL> 
SQL> COMMENT ON COLUMN customer.customer_fname IS
  2      'Customer First name';

Comment created.

SQL> 
SQL> COMMENT ON COLUMN customer.customer_lname IS
  2      'Customer Last name';

Comment created.

SQL> 
SQL> COMMENT ON COLUMN customer.customer_street IS
  2      'Customer street name.
  3  Assumption: All customers are from Australia.';

Comment created.

SQL> 
SQL> COMMENT ON COLUMN customer.customer_town IS
  2      'Customer Town Name';

Comment created.

SQL> 
SQL> COMMENT ON COLUMN customer.customer_state IS
  2      'Customer State Abbreviation ';

Comment created.

SQL> 
SQL> COMMENT ON COLUMN customer.customer_postcode IS
  2      'Customer Post Code';

Comment created.

SQL> 
SQL> COMMENT ON COLUMN customer.customer_business_name IS
  2      'Customer Business Name';

Comment created.

SQL> 
SQL> ALTER TABLE customer ADD CONSTRAINT customer_pk PRIMARY KEY ( customer_id );

Table CUSTOMER altered.

SQL> 
SQL> CREATE TABLE exhibit (
  2      exhibit_id           NUMBER(7) NOT NULL,
  3      exhibit_start_date   DATE NOT NULL,
  4      exhibit_end_date     DATE NOT NULL,
  5      artwork_in_catalog   CHAR(3) NOT NULL,
  6      artwork_id           NUMBER(7) NOT NULL,
  7      gallery_id           NUMBER(4) NOT NULL
  8  );

Table EXHIBIT created.

SQL> 
SQL> ALTER TABLE exhibit
  2      ADD CONSTRAINT chk_artwork_catalog CHECK ( artwork_in_catalog IN (
  3          'No',
  4          'Yes'
  5      ) );

Table EXHIBIT altered.

SQL> 
SQL> COMMENT ON COLUMN exhibit.exhibit_id IS
  2      'Surrogate Key to uniquely identify each display at the exhibit';

Comment created.

SQL> 
SQL> COMMENT ON COLUMN exhibit.exhibit_start_date IS
  2      'Exhibit Start Date';

Comment created.

SQL> 
SQL> COMMENT ON COLUMN exhibit.exhibit_end_date IS
  2      'Exhibit end date ';

Comment created.

SQL> 
SQL> COMMENT ON COLUMN exhibit.artwork_in_catalog IS
  2      'Is the artwork exhibited featured in catalog?! ';

Comment created.

SQL> 
SQL> COMMENT ON COLUMN exhibit.artwork_id IS
  2      'Surrogate key that uniquely identify artwork.';

Comment created.

SQL> 
SQL> COMMENT ON COLUMN exhibit.gallery_id IS
  2      'Gallery Identification Number';

Comment created.

SQL> 
SQL> ALTER TABLE exhibit ADD CONSTRAINT exhibit_pk PRIMARY KEY ( exhibit_id );

Table EXHIBIT altered.

SQL> 
SQL> ALTER TABLE exhibit
  2      ADD CONSTRAINT nk_exhibit UNIQUE ( gallery_id,
  3                                         artwork_id,
  4                                         exhibit_start_date );

Table EXHIBIT altered.

SQL> 
SQL> CREATE TABLE gallery (
  2      gallery_id                NUMBER(4) NOT NULL,
  3      gallery_name              VARCHAR2(50) NOT NULL,
  4      gallery_mfname            VARCHAR2(25) NOT NULL,
  5      gallery_street            VARCHAR2(40) NOT NULL,
  6      gallery_town              VARCHAR2(15) NOT NULL,
  7      gallery_state             VARCHAR2(3) NOT NULL,
  8      gallery_opens_time        DATE NOT NULL,
  9      gallery_closes_time       DATE NOT NULL,
 10      gallery_contact_no        VARCHAR2(10) NOT NULL,
 11      gallery_sale_percentage   NUMBER(2) NOT NULL,
 12      gallery_mlname            VARCHAR2(25) NOT NULL,
 13      gallery_postcode          CHAR(4) NOT NULL
 14  );

Table GALLERY created.

SQL> 
SQL> COMMENT ON COLUMN gallery.gallery_id IS
  2      'Gallery Identification Number';

Comment created.

SQL> 
SQL> COMMENT ON COLUMN gallery.gallery_name IS
  2      'Gallery Name';

Comment created.

SQL> 
SQL> COMMENT ON COLUMN gallery.gallery_mfname IS
  2      'Gallery Manager first Name';

Comment created.

SQL> 
SQL> COMMENT ON COLUMN gallery.gallery_street IS
  2      'Gallery Street Name';

Comment created.

SQL> 
SQL> COMMENT ON COLUMN gallery.gallery_town IS
  2      'Gallery Town ';

Comment created.

SQL> 
SQL> COMMENT ON COLUMN gallery.gallery_state IS
  2      'Gallery State';

Comment created.

SQL> 
SQL> COMMENT ON COLUMN gallery.gallery_opens_time IS
  2      'Gallery Opening Time';

Comment created.

SQL> 
SQL> COMMENT ON COLUMN gallery.gallery_closes_time IS
  2      'Gallery Closing Time';

Comment created.

SQL> 
SQL> COMMENT ON COLUMN gallery.gallery_contact_no IS
  2      'Gallery Phone Number';

Comment created.

SQL> 
SQL> COMMENT ON COLUMN gallery.gallery_sale_percentage IS
  2      'Gallery sale percentage';

Comment created.

SQL> 
SQL> COMMENT ON COLUMN gallery.gallery_mlname IS
  2      'gallery manager last name';

Comment created.

SQL> 
SQL> COMMENT ON COLUMN gallery.gallery_postcode IS
  2      'Gallery post code';

Comment created.

SQL> 
SQL> ALTER TABLE gallery ADD CONSTRAINT gallery_pk PRIMARY KEY ( gallery_id );

Table GALLERY altered.

SQL> 
SQL> CREATE TABLE sale (
  2      sale_id       NUMBER(7) NOT NULL,
  3      sale_date     DATE NOT NULL,
  4      sale_price    NUMBER(7) NOT NULL,
  5      customer_id   NUMBER(7) NOT NULL,
  6      exhibit_id    NUMBER(7) NOT NULL
  7  );

Table SALE created.

SQL> 
SQL> COMMENT ON COLUMN sale.sale_id IS
  2      'Sale Identification Number';

Comment created.

SQL> 
SQL> COMMENT ON COLUMN sale.sale_date IS
  2      'Sale Date';

Comment created.

SQL> 
SQL> COMMENT ON COLUMN sale.sale_price IS
  2      'Sale Price';

Comment created.

SQL> 
SQL> COMMENT ON COLUMN sale.customer_id IS
  2      'Customer Identification';

Comment created.

SQL> 
SQL> COMMENT ON COLUMN sale.exhibit_id IS
  2      'Surrogate Key to uniquely identify each display at the exhibit';

Comment created.

SQL> 
SQL> CREATE UNIQUE INDEX sale__idx ON
  2      sale (
  3          exhibit_id
  4      ASC );

INDEX SALE__IDX created.

SQL> 
SQL> ALTER TABLE sale ADD CONSTRAINT sale_pk PRIMARY KEY ( sale_id );

Table SALE altered.

SQL> 
SQL> CREATE TABLE style (
  2      child_style    VARCHAR2(25) NOT NULL,
  3      parent_style   VARCHAR2(25) NOT NULL
  4  );

Table STYLE created.

SQL> 
SQL> COMMENT ON COLUMN style.child_style IS
  2      'child style ... child style can also be the parent style';

Comment created.

SQL> 
SQL> COMMENT ON COLUMN style.parent_style IS
  2      'child style ... child style can also be the parent style';

Comment created.

SQL> 
SQL> ALTER TABLE style ADD CONSTRAINT style_pk PRIMARY KEY ( child_style );

Table STYLE altered.

SQL> 
SQL> ALTER TABLE artwork
  2      ADD CONSTRAINT artist_artwork_connection FOREIGN KEY ( artist_code )
  3          REFERENCES artist ( artist_code );

Table ARTWORK altered.

SQL> 
SQL> ALTER TABLE exhibit
  2      ADD CONSTRAINT artwork_exhibit_connect FOREIGN KEY ( artwork_id )
  3          REFERENCES artwork ( artwork_id );

Table EXHIBIT altered.

SQL> 
SQL> ALTER TABLE artwork_status
  2      ADD CONSTRAINT artwork_status_connection FOREIGN KEY ( artwork_id1 )
  3          REFERENCES artwork ( artwork_id );

Table ARTWORK_STATUS altered.

SQL> 
SQL> ALTER TABLE artwork_status
  2      ADD CONSTRAINT artwork_status_gallery_connect FOREIGN KEY ( gallery_id )
  3          REFERENCES gallery ( gallery_id );

Table ARTWORK_STATUS altered.

SQL> 
SQL> ALTER TABLE artwork
  2      ADD CONSTRAINT artwork_style_connect FOREIGN KEY ( child_style )
  3          REFERENCES style ( child_style );

Table ARTWORK altered.

SQL> 
SQL> ALTER TABLE sale
  2      ADD CONSTRAINT exhibit_sale_connect FOREIGN KEY ( exhibit_id )
  3          REFERENCES exhibit ( exhibit_id );

Table SALE altered.

SQL> 
SQL> ALTER TABLE exhibit
  2      ADD CONSTRAINT gallery_exhibit_connection FOREIGN KEY ( gallery_id )
  3          REFERENCES gallery ( gallery_id );

Table EXHIBIT altered.

SQL> 
SQL> ALTER TABLE style
  2      ADD CONSTRAINT parent_style_connect FOREIGN KEY ( parent_style )
  3          REFERENCES style ( child_style );

Table STYLE altered.

SQL> 
SQL> ALTER TABLE sale
  2      ADD CONSTRAINT sale_customer_connect FOREIGN KEY ( customer_id )
  3          REFERENCES customer ( customer_id );

Table SALE altered.

SQL> 
SQL> 
SQL> 
SQL> -- Oracle SQL Developer Data Modeler Summary Report: 
SQL> -- 
SQL> -- CREATE TABLE                             8
SQL> -- CREATE INDEX                             2
SQL> -- ALTER TABLE                             21
SQL> -- CREATE VIEW                              0
SQL> -- ALTER VIEW                               0
SQL> -- CREATE PACKAGE                           0
SQL> -- CREATE PACKAGE BODY                      0
SQL> -- CREATE PROCEDURE                         0
SQL> -- CREATE FUNCTION                          0
SQL> -- CREATE TRIGGER                           0
SQL> -- ALTER TRIGGER                            0
SQL> -- CREATE COLLECTION TYPE                   0
SQL> -- CREATE STRUCTURED TYPE                   0
SQL> -- CREATE STRUCTURED TYPE BODY              0
SQL> -- CREATE CLUSTER                           0
SQL> -- CREATE CONTEXT                           0
SQL> -- CREATE DATABASE                          0
SQL> -- CREATE DIMENSION                         0
SQL> -- CREATE DIRECTORY                         0
SQL> -- CREATE DISK GROUP                        0
SQL> -- CREATE ROLE                              0
SQL> -- CREATE ROLLBACK SEGMENT                  0
SQL> -- CREATE SEQUENCE                          0
SQL> -- CREATE MATERIALIZED VIEW                 0
SQL> -- CREATE MATERIALIZED VIEW LOG             0
SQL> -- CREATE SYNONYM                           0
SQL> -- CREATE TABLESPACE                        0
SQL> -- CREATE USER                              0
SQL> -- 
SQL> -- DROP TABLESPACE                          0
SQL> -- DROP DATABASE                            0
SQL> -- 
SQL> -- REDACTION POLICY                         0
SQL> -- TSDP POLICY                              0
SQL> -- 
SQL> -- ORDS DROP SCHEMA                         0
SQL> -- ORDS ENABLE SCHEMA                       0
SQL> -- ORDS ENABLE OBJECT                       0
SQL> -- 
SQL> -- ERRORS                                   0
SQL> -- WARNINGS                                 0
SQL> 
SQL> 
SQL> 
SQL> SPOOL OFF
